// Jest Snapshot v1, https://goo.gl/fbAQLP

exports[`Valuation Calculator renders 1`] = `
<div
  className="valuation"
>
  A 1,100 sq ft property will cost
  <p
    className="price"
  >
    Â£
    1466300
     
  </p>
</div>
`;
